]0;~/Desktop/2018_sides/tidyQ[?1034h[36msooopy[m@[32mSoos-MacBook-Pro:[33;1m~/Desktop/2018_sides/tidyQ[m$ [K[36msooopy[m@[32mSoos-MacBook-Pro:[33;1m~/Desktop/2018_sides/tidyQ[m$ [K[36msooopy[m@[32mSoos-MacBook-Pro:[33;1m~/Desktop/2018_sides/tidyQ[m$ echo "# tidyQ" >> READ ME.md
]0;~/Desktop/2018_sides/tidyQ[36msooopy[m@[32mSoos-MacBook-Pro:[33;1m~/Desktop/2018_sides/tidyQ[m$ git init
Initialized empty Git repository in /Users/sooopy/Desktop/2018_sides/tidyQ/.git/
]0;~/Desktop/2018_sides/tidyQ[36msooopy[m@[32mSoos-MacBook-Pro:[33;1m~/Desktop/2018_sides/tidyQ[m$ git add README.md
]0;~/Desktop/2018_sides/tidyQ[36msooopy[m@[32mSoos-MacBook-Pro:[33;1m~/Desktop/2018_sides/tidyQ[m$ git commit -m "first c ommit"
[master (root-commit) 3e238d5] first commit
 1 file changed, 1 insertion(+)
 create mode 100644 README.md
]0;~/Desktop/2018_sides/tidyQ[36msooopy[m@[32mSoos-MacBook-Pro:[33;1m~/Desktop/2018_sides/tidyQ[m$ git remote add origin  https://github.com/soohyuna/tidyQ.git
]0;~/Desktop/2018_sides/tidyQ[36msooopy[m@[32mSoos-MacBook-Pro:[33;1m~/Desktop/2018_sides/tidyQ[m$ git push -u origin mas ter
Counting objects: 3, done.
Writing objects:  33% (1/3)   Writing objects:  66% (2/3)   Writing objects: 100% (3/3)   Writing objects: 100% (3/3), 214 bytes | 214.00 KiB/s, done.
Total 3 (delta 0), reused 0 (delta 0)
To https://github.com/soohyuna/tidyQ.git
 * [new branch]      master -> master
Branch master set up to track remote branch master from origin.
]0;~/Desktop/2018_sides/tidyQ[36msooopy[m@[32mSoos-MacBook-Pro:[33;1m~/Desktop/2018_sides/tidyQ[m$ git status
On branch master
Your branch is up-to-date with 'origin/master'.

Untracked files:
  (use "git add <file>..." to include in what will be committed)

	[31m.Rbuildignore[m
	[31m.Rhistory[m
	[31m.Rproj.user/[m
	[31mDESCRIPTION[m
	[31mNAMESPACE[m
	[31mR/[m
	[31mman/[m
	[31mtidyQ.Rproj[m

nothing added to commit but untracked files present (use "git add" to track)
]0;~/Desktop/2018_sides/tidyQ[36msooopy[m@[32mSoos-MacBook-Pro:[33;1m~/Desktop/2018_sides/tidyQ[m$ git add -A