
no changes added to commit (use "git add" and/or "git commit -a")
]0;~/Desktop/2018_sides/tidyQ[36msooopy[m@[32mSoos-MacBook-Pro:[33;1m~/Desktop/2018_sides/tidyQ[m$ git add -A
]0;~/Desktop/2018_sides/tidyQ[36msooopy[m@[32mSoos-MacBook-Pro:[33;1m~/Desktop/2018_sides/tidyQ[m$ git status
On branch master
Your branch is up-to-date with 'origin/master'.

Changes to be committed:
  (use "git reset HEAD <file>..." to unstage)

	[32mmodified:   .Rproj.user/67AB29B0/console06/56C77CF6[m
	[32mmodified:   .Rproj.user/67AB29B0/console06/56C77CF6.env[m
	[32mmodified:   .Rproj.user/67AB29B0/console06/INDEX001[m
	[32mmodified:   .Rproj.user/67AB29B0/pcs/files-pane.pper[m
	[32mmodified:   .Rproj.user/67AB29B0/sources/prop/8A55D3BD[m
	[32mmodified:   .Rproj.user/67AB29B0/sources/prop/INDEX[m
	[32mdeleted:    .Rproj.user/67AB29B0/sources/s-3A9C188E/F066F975[m
	[32mdeleted:    .Rproj.user/67AB29B0/sources/s-3A9C188E/F066F975-contents[m
	[32mdeleted:    .Rproj.user/67AB29B0/sources/s-3A9C188E/lock_file[m
	[32mnew file:   .gitignore[m
	[32mnew file:   R/file.R[m
	[32mdeleted:    R/hello.R[m

Changes not staged for commit:
  (use "git add <file>..." to update what will be committed)
  (use "git checkout -- <file>..." to discard changes in working directory)

	[31mmodified:   .Rproj.user/67AB29B0/console06/56C77CF6[m

]0;~/Desktop/2018_sides/tidyQ[36msooopy[m@[32mSoos-MacBook-Pro:[33;1m~/Desktop/2018_sides/tidyQ[m$ git commit -m "[K"d[Kfir [Kst commit [K"
[master 9ea763b] first commit
 12 files changed, 175 insertions(+), 62 deletions(-)
 rewrite .Rproj.user/67AB29B0/console06/INDEX001 (100%)
 delete mode 100644 .Rproj.user/67AB29B0/sources/s-3A9C188E/F066F975
 delete mode 100644 .Rproj.user/67AB29B0/sources/s-3A9C188E/F066F975-contents
 delete mode 100644 .Rproj.user/67AB29B0/sources/s-3A9C188E/lock_file
 create mode 100644 .gitignore
 create mode 100644 R/file.R
 delete mode 100644 R/hello.R
]0;~/Desktop/2018_sides/tidyQ[36msooopy[m@[32mSoos-MacBook-Pro:[33;1m~/Desktop/2018_sides/tidyQ[m$ git push
Counting objects: 17, done.
Delta compression using up to 4 threads.
Compressing objects:   7% (1/14)   Compressing objects:  14% (2/14)   Compressing objects:  21% (3/14)   Compressing objects:  28% (4/14)   Compressing objects:  35% (5/14)   Compressing objects:  42% (6/14)   Compressing objects:  50% (7/14)   Compressing objects:  57% (8/14)   Compressing objects:  64% (9/14)   Compressing objects:  71% (10/14)   Compressing objects:  78% (11/14)   Compressing objects:  85% (12/14)   Compressing objects:  92% (13/14)   Compressing objects: 100% (14/14)   Compressing objects: 100% (14/14), done.
Writing objects:   5% (1/17)   Writing objects:  11% (2/17)   Writing objects:  17% (3/17)   Writing objects:  23% (4/17)   Writing objects:  29% (5/17)   Writing objects:  35% (6/17)   Writing objects:  41% (7/17)   Writing objects:  47% (8/17)   Writing objects:  52% (9/17)   Writing objects:  58% (10/17)   Writing objects:  64% (11/17)   Writing objects:  70% (12/17)   Writing objects:  76% (13/17)   Writing objects:  82% (14/17)   Writing objects:  88% (15/17)   Writing objects:  94% (16/17)   Writing objects: 100% (17/17)   Writing objects: 100% (17/17), 3.00 KiB | 98.00 KiB/s, done.
Total 17 (delta 6), reused 0 (delta 0)
remote: Resolving deltas:   0% (0/6)   [Kremote: Resolving deltas:  16% (1/6)   [Kremote: Resolving deltas:  33% (2/6)   [Kremote: Resolving deltas:  50% (3/6)   [Kremote: Resolving deltas:  66% (4/6)   [Kremote: Resolving deltas:  83% (5/6)   [Kremote: Resolving deltas: 100% (6/6)   [Kremote: Resolving deltas: 100% (6/6), completed with 6 local objects.[K
To https://github.com/soohyuna/tidyQ.git
   ff0d7b5..9ea763b  master -> master
]0;~/Desktop/2018_sides/tidyQ[36msooopy[m@[32mSoos-MacBook-Pro:[33;1m~/Desktop/2018_sides/tidyQ[m$ git ss[Ktatus
On branch master
Your branch is up-to-date with 'origin/master'.

Changes not staged for commit:
  (use "git add <file>..." to update what will be committed)
  (use "git checkout -- <file>..." to discard changes in working directory)

	[31mmodified:   .Rproj.user/67AB29B0/console06/56C77CF6[m
	[31mmodified:   .Rproj.user/67AB29B0/console06/56C77CF6.env[m

no changes added to commit (use "git add" and/or "git commit -a")
[K[36msooopy[m@[32mSoos-MacBook-Pro:[33;1m~/Desktop/2018_sides/tidyQ[m$ ls
DESCRIPTION  [1m[34mR[39;49m[0m/           [1m[34mman[39;49m[0m/
NAMESPACE    README.md    tidyQ.Rproj
]0;~/Desktop/2018_sides/tidyQ[36msooopy[m@[32mSoos-MacBook-Pro:[33;1m~/Desktop/2018_sides/tidyQ[m$ git status
On branch master
Your branch is up-to-date with 'origin/master'.

Changes not staged for commit:
  (use "git add <file>..." to update what will be committed)
  (use "git checkout -- <file>..." to discard changes in working directory)

	[31mmodified:   .Rhistory[m
	[31mmodified:   .Rproj.user/67AB29B0/console06/56C77CF6[m
	[31mmodified:   .Rproj.user/67AB29B0/console06/56C77CF6.env[m
	[31mmodified:   .Rproj.user/67AB29B0/console06/INDEX001[m
	[31mmodified:   .Rproj.user/67AB29B0/pcs/files-pane.pper[m
	[31mmodified:   R/file.R[m

no changes added to commit (use "git add" and/or "git commit -a")
]0;~/Desktop/2018_sides/tidyQ[36msooopy[m@[32mSoos-MacBook-Pro:[33;1m~/Desktop/2018_sides/tidyQ[m$ git add -A
]0;~/Desktop/2018_sides/tidyQ[36msooopy[m@[32mSoos-MacBook-Pro:[33;1m~/Desktop/2018_sides/tidyQ[m$ git commit -m"made som [A[C[C[C[C[C[C[C[C[C[C[C[C[C[C[C[C[C[C[C[C[C[C[C[C[C[C[C[C[C[C[C[C[C[C[C[C[C[C[C[C[C[C[C[C[C[C[C[C[C[C[C[C[C[C[C[C[C[C[C[C[C[C[C[C[C[C[C[C[C[C[C[C[C[K
[K[A[C[C[C[C[C[C[C[C[C[C[C[C[C[C[C[C[C[C[C[C[C[C[C[C[C[C[C[C[C[C[C[C[C[C[C[C[C[C[C[C[C[C[C[C[C[C[C[C[C[C[C[C[C[C[C[C[C[C[C[C[C[C[C[C[C[C[C[C[C[C[C[C[C[K[K[K[K[K[K[K[K "made so me changes"
[master 9703f30] made some changes
 6 files changed, 96 insertions(+), 7 deletions(-)
 rewrite .Rproj.user/67AB29B0/console06/INDEX001 (85%)
]0;~/Desktop/2018_sides/tidyQ[36msooopy[m@[32mSoos-MacBook-Pro:[33;1m~/Desktop/2018_sides/tidyQ[m$ git push
Counting objects: 13, done.
Delta compression using up to 4 threads.
Compressing objects:   8% (1/12)   Compressing objects:  16% (2/12)   Compressing objects:  25% (3/12)   Compressing objects:  33% (4/12)   Compressing objects:  41% (5/12)   Compressing objects:  50% (6/12)   Compressing objects:  58% (7/12)   Compressing objects:  66% (8/12)   Compressing objects:  75% (9/12)   Compressing objects:  83% (10/12)   Compressing objects:  91% (11/12)   Compressing objects: 100% (12/12)   Compressing objects: 100% (12/12), done.
Writing objects:   7% (1/13)   Writing objects:  15% (2/13)   Writing objects:  23% (3/13)   Writing objects:  30% (4/13)   Writing objects:  38% (5/13)   Writing objects:  46% (6/13)   Writing objects:  53% (7/13)   Writing objects:  61% (8/13)   Writing objects:  69% (9/13)   Writing objects:  76% (10/13)   Writing objects:  84% (11/13)   Writing objects:  92% (12/13)   Writing objects: 100% (13/13)   Writing objects: 100% (13/13), 2.12 KiB | 2.12 MiB/s, done.
Total 13 (delta 6), reused 0 (delta 0)
remote: Resolving deltas:   0% (0/6)   [Kremote: Resolving deltas:  16% (1/6)   [Kremote: Resolving deltas:  33% (2/6)   [Kremote: Resolving deltas:  50% (3/6)   [Kremote: Resolving deltas:  66% (4/6)   [Kremote: Resolving deltas:  83% (5/6)   [Kremote: Resolving deltas: 100% (6/6)   [Kremote: Resolving deltas: 100% (6/6), completed with 6 local objects.[K
To https://github.com/soohyuna/tidyQ.git
   9ea763b..9703f30  master -> master
]0;~/Desktop/2018_sides/tidyQ[36msooopy[m@[32mSoos-MacBook-Pro:[33;1m~/Desktop/2018_sides/tidyQ[m$ git status
On branch master
Your branch is up-to-date with 'origin/master'.

Changes not staged for commit:
  (use "git add <file>..." to update what will be committed)
  (use "git checkout -- <file>..." to discard changes in working directory)

	[31mmodified:   .Rproj.user/67AB29B0/console06/56C77CF6[m

no changes added to commit (use "git add" and/or "git commit -a")
[K[36msooopy[m@[32mSoos-MacBook-Pro:[33;1m~/Desktop/2018_sides/tidyQ[m$ cd
]0;~[36msooopy[m@[32mSoos-MacBook-Pro:[33;1m~[m$ ls
[1m[34mApplications[39;49m[0m/                                          [1m[34mMovies[39;49m[0m/
[1m[34mCreative Cloud Files[39;49m[0m/                                  [1m[34mMusic[39;49m[0m/
[1m[34mDesktop[39;49m[0m/                                               Normalized.txt
[1m[34mDocuments[39;49m[0m/                                             [1m[34mPictures[39;49m[0m/
[1m[34mDownloads[39;49m[0m/                                             [1m[34mPublic[39;49m[0m/
[1m[34mDropbox[39;49m[0m/                                               Soovolcanoplot.tiff
[1m[34mLibrary[39;49m[0m/                                               [1m[34mggplot2-book[39;49m[0m/
McCormack plasma E&P in mice throughout pregnancy.png
]0;~[36msooopy[m@[32mSoos-MacBook-Pro:[33;1m~[m$ cd Desktop/
]0;~/Desktop[36msooopy[m@[32mSoos-MacBook-Pro:[33;1m~/Desktop[m$ ls
01-25-18_qPCR_C57thymus.xlsx
100_pembrokeahn_sublet.pdf
2018-02-27_PR_WB_thymus-uterus KO and het samples.jpg
2018-03-11_AHN_CV.docx
2018-03-13_Lay abstract.docx
2018-03-17 Lab meeting.pptx
[1m[34m2018_Exp[39;49m[0m/
[1m[34m2018_cytology[39;49m[0m/
[1m[34m2018_sides[39;49m[0m/
2R Ki67 2.5x.png
AIRE Thymus Taqman P6 041316_data.xls
ALL IL17 ms exp cytokine results for manuscript.pptx
[1m[34mAnatomy Textbook[39;49m[0m/
CT_IL17 and macrophage story_2017_Ahn.docx
Clarke and Kendall thymus in pregnancy.pdf
DNA isolation from human PBMCs.docx
Dec-14-2017-Human-Cytokine-42-Plex-Tayade-Cell-Culture.xlsx
FTOC RNA calculation.xlsx
HE protocol with Mayer Heme.docx
IL17 and macrophage story_2017_Ahn.docx
MSU log Feb.docx
[1m[34mPDF[39;49m[0m/
[1m[34mPR cre mTmG_GR_Jeong[39;49m[0m/
PRG gene.jpeg
[1m[34mPaystub 2018[39;49m[0m/
[1m[34mPictures[39;49m[0m/
Projects for Soo.docx
RDSP.pptx
Sansom_Supplemental_Table2.xlsx
Screen Shot 2017-08-25 at 7.04.05 PM.png
Screen Shot 2017-12-11 at 9.03.31 PM.png
Screen Shot 2018-01-06 at 12.35.28 PM.png
Screen Shot 2018-01-06 at 3.56.37 PM.png
Screen Shot 2018-01-06 at 4.26.22 PM.png
Screen Shot 2018-01-15 at 11.55.42 AM.png
Screen Shot 2018-01-15 at 11.56.07 AM.png
Screen Shot 2018-02-01 at 11.18.47 AM.png
Screen Shot 2018-02-01 at 4.30.35 PM.png
Screen Shot 2018-02-01 at 6.42.02 PM.png
Screen Shot 2018-02-19 at 7.00.56 PM.png
Screen Shot 2018-03-16 at 1.16.34 PM.png
Screen Shot 2018-04-03 at 3.54.07 PM.png
Screen Shot 2018-04-03 at 3.54.38 PM.png
Screen Shot 2018-04-10 at 6.39.39 PM.png
Screen Shot 2018-04-10 at 8.24.29 PM.png
Screen Shot 2018-04-10 at 8.25.16 PM.png
Screen Shot 2018-04-12 at 12.58.14 PM.png
Skyline_Sublet contract001.pdf
Twenty years of AIRE 2018.pdf
[1m[34mWebsite[39;49m[0m/
[1m[34mkallisto[39;49m[0m/
lSgWomh.jpg
[1m[32mmanuscript Figures.pptx[39;49m[0m*
previous_grad_form.pdf
qPCR_N_NP_Master.xlsx
~$Eve Tech shipment_Combined samples.xlsx
~$Feb 17, 2017, Mouse Cytokine 31-Plex, Ahn, Plasma (EDTA).xlsx
~$Mar 30, 2017, Mouse Cytokine 31-Plex, Perez (Soo), Serum & Peritoneal Fluid.xlsx
~$RDSP.pptx
~$U log January.docx
~$search Proposal.docx
~$search Proposal_updated.docx
]0;~/Desktop[36msooopy[m@[32mSoos-MacBook-Pro:[33;1m~/Desktop[m$ cd 2018_sides/tidyQ/
]0;~/Desktop/2018_sides/tidyQ[36msooopy[m@[32mSoos-MacBook-Pro:[33;1m~/Desktop/2018_sides/tidyQ[m$ git status
On branch master
Your branch is up-to-date with 'origin/master'.

Changes not staged for commit:
  (use "git add/rm <file>..." to update what will be committed)
  (use "git checkout -- <file>..." to discard changes in working directory)

	[31mmodified:   .Rhistory[m
	[31mmodified:   .Rproj.user/67AB29B0/console06/56C77CF6[m
	[31mmodified:   .Rproj.user/67AB29B0/console06/56C77CF6.env[m
	[31mmodified:   .Rproj.user/67AB29B0/console06/INDEX001[m
	[31mmodified:   .Rproj.user/67AB29B0/pcs/files-pane.pper[m
	[31mmodified:   .Rproj.user/67AB29B0/sources/prop/INDEX[m
	[31mmodified:   DESCRIPTION[m
	[31mdeleted:    R/file.R[m
	[31mdeleted:    man/hello.Rd[m
	[31mmodified:   tidyQ.Rproj[m

Untracked files:
  (use "git add <file>..." to include in what will be committed)

	[31mR/importQ.R[m
	[31mman/importQ.Rd[m
	[31mqPCR_N_NP_Master.xls[m

no changes added to commit (use "git add" and/or "git commit -a")
]0;~/Desktop/2018_sides/tidyQ[36msooopy[m@[32mSoos-MacBook-Pro:[33;1m~/Desktop/2018_sides/tidyQ[m$ git add -A
]0;~/Desktop/2018_sides/tidyQ[36msooopy[m@[32mSoos-MacBook-Pro:[33;1m~/Desktop/2018_sides/tidyQ[m$ git commit -m "importQ function"
[master f6705e9] importQ function
 13 files changed, 324 insertions(+), 42 deletions(-)
 rewrite .Rproj.user/67AB29B0/console06/INDEX001 (85%)
 delete mode 100644 R/file.R
 create mode 100644 R/importQ.R
 delete mode 100644 man/hello.Rd
 create mode 100644 man/importQ.Rd
 create mode 100644 qPCR_N_NP_Master.xls
]0;~/Desktop/2018_sides/tidyQ[36msooopy[m@[32mSoos-MacBook-Pro:[33;1m~/Desktop/2018_sides/tidyQ[m$ git push
Counting objects: 21, done.
Delta compression using up to 4 threads.
Compressing objects:   5% (1/18)   Compressing objects:  11% (2/18)   Compressing objects:  16% (3/18)   Compressing objects:  22% (4/18)   Compressing objects:  27% (5/18)   Compressing objects:  33% (6/18)   Compressing objects:  38% (7/18)   Compressing objects:  44% (8/18)   Compressing objects:  50% (9/18)   Compressing objects:  55% (10/18)   Compressing objects:  61% (11/18)   Compressing objects:  66% (12/18)   Compressing objects:  72% (13/18)   Compressing objects:  77% (14/18)   Compressing objects:  83% (15/18)   Compressing objects:  88% (16/18)   Compressing objects:  94% (17/18)   Compressing objects: 100% (18/18)   Compressing objects: 100% (18/18), done.
Writing objects:   4% (1/21)   Writing objects:   9% (2/21)   Writing objects:  14% (3/21)   Writing objects:  19% (4/21)   Writing objects:  23% (5/21)   Writing objects:  28% (6/21)   Writing objects:  33% (7/21)   Writing objects:  38% (8/21)   Writing objects:  42% (9/21)   Writing objects:  47% (10/21)   Writing objects:  52% (11/21)   Writing objects:  57% (12/21)   Writing objects:  61% (13/21)   Writing objects:  66% (14/21)   Writing objects:  71% (15/21)   Writing objects:  76% (16/21)   Writing objects:  80% (17/21)   Writing objects:  85% (18/21)   Writing objects:  90% (19/21)   Writing objects:  95% (20/21)   Writing objects: 100% (21/21)   Writing objects: 100% (21/21), 55.73 KiB | 2.79 MiB/s, done.
Total 21 (delta 7), reused 0 (delta 0)
remote: Resolving deltas:   0% (0/7)   [Kremote: Resolving deltas:  14% (1/7)   [Kremote: Resolving deltas:  28% (2/7)   [Kremote: Resolving deltas:  42% (3/7)   [Kremote: Resolving deltas:  57% (4/7)   [Kremote: Resolving deltas:  71% (5/7)   [Kremote: Resolving deltas:  85% (6/7)   [Kremote: Resolving deltas: 100% (7/7)   [Kremote: Resolving deltas: 100% (7/7), completed with 7 local objects.[K
To https://github.com/soohyuna/tidyQ.git
   9703f30..f6705e9  master -> master
]0;~/Desktop/2018_sides/tidyQ[36msooopy[m@[32mSoos-MacBook-Pro:[33;1m~/Desktop/2018_sides/tidyQ[m$ git status
On branch master
Your branch is up-to-date with 'origin/master'.

Changes not staged for commit:
  (use "git add <file>..." to update what will be committed)
  (use "git checkout -- <file>..." to discard changes in working directory)

	[31mmodified:   .Rproj.user/67AB29B0/console06/56C77CF6[m
	[31mmodified:   .Rproj.user/67AB29B0/console06/56C77CF6.env[m

no changes added to commit (use "git add" and/or "git commit -a")
git stuatus
git: 'stuatus' is not a git command. See 'git --help'.

The most similar command is
	status
]0;~/Desktop/2018_sides/tidyQ[36msooopy[m@[32mSoos-MacBook-Pro:[33;1m~/Desktop/2018_sides/tidyQ[m$ git add -A[K[K[K[K[K[K[K[K[K[Kgit status
On branch master
Your branch is up-to-date with 'origin/master'.

Changes not staged for commit:
  (use "git add <file>..." to update what will be committed)
  (use "git checkout -- <file>..." to discard changes in working directory)

	[31mmodified:   .Rproj.user/67AB29B0/console06/56C77CF6[m
	[31mmodified:   .Rproj.user/67AB29B0/console06/56C77CF6.env[m
	[31mmodified:   .Rproj.user/67AB29B0/console06/INDEX001[m
	[31mmodified:   .Rproj.user/67AB29B0/pcs/source-pane.pper[m
	[31mmodified:   .Rproj.user/67AB29B0/pcs/windowlayoutstate.pper[m
	[31mmodified:   .Rproj.user/67AB29B0/pcs/workbench-pane.pper[m
	[31mmodified:   .Rproj.user/67AB29B0/sources/prop/INDEX[m
	[31mmodified:   man/importQ.Rd[m

no changes added to commit (use "git add" and/or "git commit -a")
]0;~/Desktop/2018_sides/tidyQ[36msooopy[m@[32mSoos-MacBook-Pro:[33;1m~/Desktop/2018_sides/tidyQ[m$ git add -A
]0;~/Desktop/2018_sides/tidyQ[36msooopy[m@[32mSoos-MacBook-Pro:[33;1m~/Desktop/2018_sides/tidyQ[m$ git commit -m "rendered"[K and u[Kbuilt"
[master 88b14c7] rendered and built
 8 files changed, 63 insertions(+), 7 deletions(-)
 rewrite .Rproj.user/67AB29B0/console06/INDEX001 (86%)
]0;~/Desktop/2018_sides/tidyQ[36msooopy[m@[32mSoos-MacBook-Pro:[33;1m~/Desktop/2018_sides/tidyQ[m$ git push
Counting objects: 17, done.
Delta compression using up to 4 threads.
Compressing objects:   7% (1/14)   Compressing objects:  14% (2/14)   Compressing objects:  21% (3/14)   Compressing objects:  28% (4/14)   Compressing objects:  35% (5/14)   Compressing objects:  42% (6/14)   Compressing objects:  50% (7/14)   Compressing objects:  57% (8/14)   Compressing objects:  64% (9/14)   Compressing objects:  71% (10/14)   Compressing objects:  78% (11/14)   Compressing objects:  85% (12/14)   Compressing objects:  92% (13/14)   Compressing objects: 100% (14/14)   Compressing objects: 100% (14/14), done.
Writing objects:   5% (1/17)   Writing objects:  11% (2/17)   Writing objects:  17% (3/17)   Writing objects:  23% (4/17)   Writing objects:  29% (5/17)   Writing objects:  35% (6/17)   Writing objects:  41% (7/17)   Writing objects:  47% (8/17)   Writing objects:  52% (9/17)   Writing objects:  58% (10/17)   Writing objects:  64% (11/17)   Writing objects:  70% (12/17)   Writing objects:  76% (13/17)   Writing objects:  82% (14/17)   Writing objects:  88% (15/17)   Writing objects:  94% (16/17)   Writing objects: 100% (17/17)   Writing objects: 100% (17/17), 2.04 KiB | 44.00 KiB/s, done.
Total 17 (delta 7), reused 0 (delta 0)
remote: Resolving deltas:   0% (0/7)   [Kremote: Resolving deltas:  14% (1/7)   [Kremote: Resolving deltas:  28% (2/7)   [Kremote: Resolving deltas:  42% (3/7)   [Kremote: Resolving deltas:  57% (4/7)   [Kremote: Resolving deltas:  71% (5/7)   [Kremote: Resolving deltas:  85% (6/7)   [Kremote: Resolving deltas: 100% (7/7)   [Kremote: Resolving deltas: 100% (7/7), completed with 7 local objects.[K
To https://github.com/soohyuna/tidyQ.git
   f6705e9..88b14c7  master -> master
]0;~/Desktop/2018_sides/tidyQ[36msooopy[m@[32mSoos-MacBook-Pro:[33;1m~/Desktop/2018_sides/tidyQ[m$ 
]0;~/Desktop/2018_sides/tidyQ[36msooopy[m@[32mSoos-MacBook-Pro:[33;1m~/Desktop/2018_sides/tidyQ[m$ it sta[K[K[K[K[K[Kgit status
On branch master
Your branch is up-to-date with 'origin/master'.

Changes not staged for commit:
  (use "git add <file>..." to update what will be committed)
  (use "git checkout -- <file>..." to discard changes in working directory)

	[31mmodified:   .Rproj.user/67AB29B0/console06/56C77CF6[m
	[31mmodified:   .Rproj.user/67AB29B0/console06/56C77CF6.env[m
	[31mmodified:   .Rproj.user/67AB29B0/console06/INDEX001[m
	[31mmodified:   .Rproj.user/67AB29B0/pcs/files-pane.pper[m
	[31mmodified:   .Rproj.user/67AB29B0/pcs/source-pane.pper[m
	[31mmodified:   .Rproj.user/67AB29B0/pcs/windowlayoutstate.pper[m
	[31mmodified:   .Rproj.user/67AB29B0/pcs/workbench-pane.pper[m

no changes added to commit (use "git add" and/or "git commit -a")
]0;~/Desktop/2018_sides/tidyQ[36msooopy[m@[32mSoos-MacBook-Pro:[33;1m~/Desktop/2018_sides/tidyQ[m$ git add -A
]0;~/Desktop/2018_sides/tidyQ[?1034h[36msooopy[m@[32mSoos-MacBook-Pro:[33;1m~/Desktop/2018_sides/tidyQ[m$ git status
On branch master
Your branch is up-to-date with 'origin/master'.

Changes to be committed:
  (use "git reset HEAD <file>..." to unstage)

	[32mmodified:   .Rproj.user/67AB29B0/console06/56C77CF6[m
	[32mmodified:   .Rproj.user/67AB29B0/console06/56C77CF6.env[m
	[32mmodified:   .Rproj.user/67AB29B0/console06/INDEX001[m
	[32mmodified:   .Rproj.user/67AB29B0/pcs/files-pane.pper[m
	[32mmodified:   .Rproj.user/67AB29B0/pcs/source-pane.pper[m
	[32mmodified:   .Rproj.user/67AB29B0/pcs/windowlayoutstate.pper[m
	[32mmodified:   .Rproj.user/67AB29B0/pcs/workbench-pane.pper[m

Changes not staged for commit:
  (use "git add <file>..." to update what will be committed)
  (use "git checkout -- <file>..." to discard changes in working directory)

	[31mmodified:   .Rproj.user/67AB29B0/console06/56C77CF6[m
	[31mmodified:   .Rproj.user/67AB29B0/console06/INDEX001[m
	[31mmodified:   .Rproj.user/67AB29B0/pcs/files-pane.pper[m
	[31mmodified:   .Rproj.user/67AB29B0/pcs/source-pane.pper[m
	[31mmodified:   .Rproj.user/67AB29B0/pcs/windowlayoutstate.pper[m
	[31mmodified:   .Rproj.user/67AB29B0/pcs/workbench-pane.pper[m
	[31mmodified:   R/importQ.R[m
	[31mmodified:   man/importQ.Rd[m

[K[36msooopy[m@[32mSoos-MBP:[33;1m~/Desktop/2018_sides/tidyQ[m$ git[K[K[Kgit status
On branch master
Your branch is up-to-date with 'origin/master'.

Changes not staged for commit:
  (use "git add <file>..." to update what will be committed)
  (use "git checkout -- <file>..." to discard changes in working directory)

	[31mmodified:   .Rhistory[m
	[31mmodified:   .Rproj.user/67AB29B0/console06/56C77CF6[m
	[31mmodified:   .Rproj.user/67AB29B0/console06/INDEX001[m
	[31mmodified:   .Rproj.user/67AB29B0/pcs/files-pane.pper[m
	[31mmodified:   .Rproj.user/67AB29B0/pcs/source-pane.pper[m
	[31mmodified:   .Rproj.user/67AB29B0/sources/prop/INDEX[m

Untracked files:
  (use "git add <file>..." to include in what will be committed)

	[31mR/ampliQ.R[m
	[31mman/ampliQ.Rd[m

no changes added to commit (use "git add" and/or "git commit -a")
]0;~/Desktop/2018_sides/tidyQ[36msooopy[m@[32mSoos-MBP:[33;1m~/Desktop/2018_sides/tidyQ[m$ git add -A
]0;~/Desktop/2018_sides/tidyQ[36msooopy[m@[32mSoos-MBP:[33;1m~/Desktop/2018_sides/tidyQ[m$ git status
On branch master
Your branch is up-to-date with 'origin/master'.

Changes to be committed:
  (use "git reset HEAD <file>..." to unstage)

	[32mmodified:   .Rhistory[m
	[32mmodified:   .Rproj.user/67AB29B0/console06/56C77CF6[m
	[32mmodified:   .Rproj.user/67AB29B0/console06/INDEX001[m
	[32mmodified:   .Rproj.user/67AB29B0/pcs/files-pane.pper[m
	[32mmodified:   .Rproj.user/67AB29B0/pcs/source-pane.pper[m
	[32mmodified:   .Rproj.user/67AB29B0/sources/prop/INDEX[m
	[32mnew file:   R/ampliQ.R[m
	[32mnew file:   man/ampliQ.Rd[m

Changes not staged for commit:
  (use "git add <file>..." to update what will be committed)
  (use "git checkout -- <file>..." to discard changes in working directory)

	[31mmodified:   .Rproj.user/67AB29B0/console06/56C77CF6[m

]0;~/Desktop/2018_sides/tidyQ[36msooopy[m@[32mSoos-MBP:[33;1m~/Desktop/2018_sides/tidyQ[m$ git commit- m"[K "[K[K[K[K[K -m "ampliQ"
[master a07d38c] ampliQ
 8 files changed, 83 insertions(+), 4 deletions(-)
 rewrite .Rproj.user/67AB29B0/console06/INDEX001 (86%)
 create mode 100644 R/ampliQ.R
 create mode 100644 man/ampliQ.Rd
]0;~/Desktop/2018_sides/tidyQ[36msooopy[m@[32mSoos-MBP:[33;1m~/Desktop/2018_sides/tidyQ[m$ git push
Counting objects: 18, done.
Delta compression using up to 4 threads.
Compressing objects:   6% (1/16)   Compressing objects:  12% (2/16)   Compressing objects:  18% (3/16)   Compressing objects:  25% (4/16)   Compressing objects:  31% (5/16)   Compressing objects:  37% (6/16)   Compressing objects:  43% (7/16)   Compressing objects:  50% (8/16)   Compressing objects:  56% (9/16)   Compressing objects:  62% (10/16)   Compressing objects:  68% (11/16)   Compressing objects:  75% (12/16)   Compressing objects:  81% (13/16)   Compressing objects:  87% (14/16)   Compressing objects:  93% (15/16)   Compressing objects: 100% (16/16)   Compressing objects: 100% (16/16), done.
Writing objects:   5% (1/18)   Writing objects:  11% (2/18)   Writing objects:  16% (3/18)   Writing objects:  22% (4/18)   Writing objects:  27% (5/18)   Writing objects:  33% (6/18)   Writing objects:  38% (7/18)   Writing objects:  44% (8/18)   Writing objects:  50% (9/18)   Writing objects:  55% (10/18)   Writing objects:  61% (11/18)   Writing objects:  66% (12/18)   Writing objects:  72% (13/18)   Writing objects:  77% (14/18)   Writing objects:  83% (15/18)   Writing objects:  88% (16/18)   Writing objects:  94% (17/18)   Writing objects: 100% (18/18)   Writing objects: 100% (18/18), 2.13 KiB | 121.00 KiB/s, done.
Total 18 (delta 8), reused 0 (delta 0)
remote: Resolving deltas:   0% (0/8)   [Kremote: Resolving deltas:  12% (1/8)   [Kremote: Resolving deltas:  25% (2/8)   [Kremote: Resolving deltas:  37% (3/8)   [Kremote: Resolving deltas:  50% (4/8)   [Kremote: Resolving deltas:  62% (5/8)   [Kremote: Resolving deltas:  75% (6/8)   [Kremote: Resolving deltas:  87% (7/8)   [Kremote: Resolving deltas: 100% (8/8)   [Kremote: Resolving deltas: 100% (8/8), completed with 8 local objects.[K
To https://github.com/soohyuna/tidyQ.git
   fe45dda..a07d38c  master -> master
]0;~/Desktop/2018_sides/tidyQ[36msooopy[m@[32mSoos-MBP:[33;1m~/Desktop/2018_sides/tidyQ[m$ git status
On branch master
Your branch is up-to-date with 'origin/master'.

Changes not staged for commit:
  (use "git add <file>..." to update what will be committed)
  (use "git checkout -- <file>..." to discard changes in working directory)

	[31mmodified:   .Rproj.user/67AB29B0/console06/56C77CF6[m
	[31mmodified:   .Rproj.user/67AB29B0/console06/56C77CF6.env[m

no changes added to commit (use "git add" and/or "git commit -a")
git status
On branch master
Your branch is up-to-date with 'origin/master'.

Changes not staged for commit:
  (use "git add <file>..." to update what will be committed)
  (use "git checkout -- <file>..." to discard changes in working directory)

	[31mmodified:   .Rproj.user/67AB29B0/console06/56C77CF6[m
	[31mmodified:   .Rproj.user/67AB29B0/console06/56C77CF6.env[m
	[31mmodified:   .Rproj.user/67AB29B0/console06/INDEX001[m
	[31mmodified:   R/ampliQ.R[m

no changes added to commit (use "git add" and/or "git commit -a")
]0;~/Desktop/2018_sides/tidyQ[36msooopy[m@[32mSoos-MBP:[33;1m~/Desktop/2018_sides/tidyQ[m$ git add -A
]0;~/Desktop/2018_sides/tidyQ[36msooopy[m@[32mSoos-MBP:[33;1m~/Desktop/2018_sides/tidyQ[m$ git omm[K[K[Kcommit -m "ampliQ
> 
> `[K
.Rbuildignore         .Rproj.user/          .gitignore            NAMESPACE             README.md             qPCR_N_NP_Master.xls
.Rhistory             .git/                 DESCRIPTION           R/                    man/                  tidyQ.Rproj
> 
.Rbuildignore         .Rproj.user/          .gitignore            NAMESPACE             README.md             qPCR_N_NP_Master.xls
.Rhistory             .git/                 DESCRIPTION           R/                    man/                  tidyQ.Rproj
> git status
git status
On branch master
Your branch is up-to-date with 'origin/master'.

Changes not staged for commit:
  (use "git add <file>..." to update what will be committed)
  (use "git checkout -- <file>..." to discard changes in working directory)

	[31mmodified:   .Rhistory[m
	[31mmodified:   .Rproj.user/67AB29B0/console06/56C77CF6[m
	[31mmodified:   .Rproj.user/67AB29B0/console06/INDEX001[m
	[31mmodified:   .Rproj.user/67AB29B0/pcs/source-pane.pper[m
	[31mmodified:   R/ampliQ.R[m
	[31mmodified:   man/ampliQ.Rd[m

no changes added to commit (use "git add" and/or "git commit -a")
]0;~/Desktop/2018_sides/tidyQ[36msooopy[m@[32mSoos-MBP:[33;1m~/Desktop/2018_sides/tidyQ[m$ git add -A
]0;~/Desktop/2018_sides/tidyQ[36msooopy[m@[32mSoos-MBP:[33;1m~/Desktop/2018_sides/tidyQ[m$ git om[K[Kcommit- m"[K[K[K[K -m "i[KampliQ"
[master a86c524] ampliQ
 6 files changed, 57 insertions(+), 5 deletions(-)
 rewrite .Rproj.user/67AB29B0/console06/INDEX001 (86%)
]0;~/Desktop/2018_sides/tidyQ[36msooopy[m@[32mSoos-MBP:[33;1m~/Desktop/2018_sides/tidyQ[m$ git push
Counting objects: 14, done.
Delta compression using up to 4 threads.
Compressing objects:   7% (1/13)   Compressing objects:  15% (2/13)   Compressing objects:  23% (3/13)   Compressing objects:  30% (4/13)   Compressing objects:  38% (5/13)   Compressing objects:  46% (6/13)   Compressing objects:  53% (7/13)   Compressing objects:  61% (8/13)   Compressing objects:  69% (9/13)   Compressing objects:  76% (10/13)   Compressing objects:  84% (11/13)   Compressing objects:  92% (12/13)   Compressing objects: 100% (13/13)   Compressing objects: 100% (13/13), done.
Writing objects:   7% (1/14)   Writing objects:  14% (2/14)   Writing objects:  21% (3/14)   Writing objects:  28% (4/14)   Writing objects:  35% (5/14)   Writing objects:  42% (6/14)   Writing objects:  50% (7/14)   Writing objects:  57% (8/14)   Writing objects:  64% (9/14)   Writing objects:  71% (10/14)   Writing objects:  78% (11/14)   Writing objects:  85% (12/14)   Writing objects:  92% (13/14)   Writing objects: 100% (14/14)   Writing objects: 100% (14/14), 1.52 KiB | 64.00 KiB/s, done.
Total 14 (delta 9), reused 0 (delta 0)
remote: Resolving deltas:   0% (0/9)   [Kremote: Resolving deltas:  11% (1/9)   [Kremote: Resolving deltas:  22% (2/9)   [Kremote: Resolving deltas:  33% (3/9)   [Kremote: Resolving deltas:  44% (4/9)   [Kremote: Resolving deltas:  55% (5/9)   [Kremote: Resolving deltas:  66% (6/9)   [Kremote: Resolving deltas:  77% (7/9)   [Kremote: Resolving deltas:  88% (8/9)   [Kremote: Resolving deltas: 100% (9/9)   [Kremote: Resolving deltas: 100% (9/9), completed with 9 local objects.[K
To https://github.com/soohyuna/tidyQ.git
   4ce6c0a..a86c524  master -> master
git status
On branch master
Your branch is up-to-date with 'origin/master'.

Changes not staged for commit:
  (use "git add <file>..." to update what will be committed)
  (use "git checkout -- <file>..." to discard changes in working directory)

	[31mmodified:   .Rhistory[m
	[31mmodified:   .Rproj.user/67AB29B0/console06/56C77CF6[m
	[31mmodified:   .Rproj.user/67AB29B0/console06/56C77CF6.env[m
	[31mmodified:   .Rproj.user/67AB29B0/console06/INDEX001[m
	[31mmodified:   .Rproj.user/67AB29B0/pcs/source-pane.pper[m
	[31mmodified:   .Rproj.user/67AB29B0/pcs/windowlayoutstate.pper[m
	[31mmodified:   R/ampliQ.R[m

no changes added to commit (use "git add" and/or "git commit -a")
]0;~/Desktop/2018_sides/tidyQ[36msooopy[m@[32mSoos-MBP:[33;1m~/Desktop/2018_sides/tidyQ[m$ git pu[K[Kadd -A
]0;~/Desktop/2018_sides/tidyQ[36msooopy[m@[32mSoos-MBP:[33;1m~/Desktop/2018_sides/tidyQ[m$ git commit -m "ampliQ"
[master 8a96675] ampliQ
 7 files changed, 41 insertions(+), 8 deletions(-)
 rewrite .Rproj.user/67AB29B0/console06/INDEX001 (86%)
]0;~/Desktop/2018_sides/tidyQ[36msooopy[m@[32mSoos-MBP:[33;1m~/Desktop/2018_sides/tidyQ[m$ git push
Counting objects: 14, done.
Delta compression using up to 4 threads.
Compressing objects:   7% (1/13)   Compressing objects:  15% (2/13)   Compressing objects:  23% (3/13)   Compressing objects:  30% (4/13)   Compressing objects:  38% (5/13)   Compressing objects:  46% (6/13)   Compressing objects:  53% (7/13)   Compressing objects:  61% (8/13)   Compressing objects:  69% (9/13)   Compressing objects:  76% (10/13)   Compressing objects:  84% (11/13)   Compressing objects:  92% (12/13)   Compressing objects: 100% (13/13)   Compressing objects: 100% (13/13), done.
Writing objects:   7% (1/14)   Writing objects:  14% (2/14)   Writing objects:  21% (3/14)   Writing objects:  28% (4/14)   Writing objects:  35% (5/14)   Writing objects:  42% (6/14)   Writing objects:  50% (7/14)   Writing objects:  57% (8/14)   Writing objects:  64% (9/14)   Writing objects:  71% (10/14)   Writing objects:  78% (11/14)   Writing objects:  85% (12/14)   Writing objects:  92% (13/14)   Writing objects: 100% (14/14)   Writing objects: 100% (14/14), 1.76 KiB | 257.00 KiB/s, done.
Total 14 (delta 8), reused 0 (delta 0)
remote: Resolving deltas:   0% (0/8)   [Kremote: Resolving deltas:  12% (1/8)   [Kremote: Resolving deltas:  25% (2/8)   [Kremote: Resolving deltas:  37% (3/8)   [Kremote: Resolving deltas:  50% (4/8)   [Kremote: Resolving deltas:  62% (5/8)   [Kremote: Resolving deltas:  75% (6/8)   [Kremote: Resolving deltas:  87% (7/8)   [Kremote: Resolving deltas: 100% (8/8)   [Kremote: Resolving deltas: 100% (8/8), completed with 8 local objects.[K
To https://github.com/soohyuna/tidyQ.git
   a86c524..8a96675  master -> master
[K[36msooopy[m@[32mSoos-MacBook-Pro:[33;1m~/Desktop/2018_sides/tidyQ[m$ git pull
Already up-to-date.
[K[36msooopy[m@[32mSoos-MBP:[33;1m~/Desktop/STUFF/2018_sides/tidyQ[m$ git status
On branch master
Your branch is up-to-date with 'origin/master'.

Changes not staged for commit:
  (use "git add <file>..." to update what will be committed)
  (use "git checkout -- <file>..." to discard changes in working directory)

	[31mmodified:   .Rhistory[m
	[31mmodified:   .Rproj.user/67AB29B0/console06/56C77CF6[m
	[31mmodified:   .Rproj.user/67AB29B0/console06/56C77CF6.env[m
	[31mmodified:   .Rproj.user/67AB29B0/console06/INDEX001[m
	[31mmodified:   .Rproj.user/67AB29B0/pcs/files-pane.pper[m
	[31mmodified:   .Rproj.user/67AB29B0/pcs/source-pane.pper[m
	[31mmodified:   .Rproj.user/67AB29B0/pcs/windowlayoutstate.pper[m
	[31mmodified:   .Rproj.user/67AB29B0/sources/prop/INDEX[m

no changes added to commit (use "git add" and/or "git commit -a")
]0;~/Desktop/STUFF/2018_sides/tidyQ[36msooopy[m@[32mSoos-MBP:[33;1m~/Desktop/STUFF/2018_sides/tidyQ[m$ git add -A
]0;~/Desktop/STUFF/2018_sides/tidyQ[36msooopy[m@[32mSoos-MBP:[33;1m~/Desktop/STUFF/2018_sides/tidyQ[m$ git commmi[K[Kit 0m [K[K[K
.DS_Store             .Rproj.user/          DESCRIPTION           README.md             tidyQ.Rproj
.Rbuildignore         .git/                 NAMESPACE             man/                  
.Rhistory             .gitignore            R/                    qPCR_N_NP_Master.xls  
[36msooopy[m@[32mSoos-MBP:[33;1m~/Desktop/STUFF/2018_sides/tidyQ[m$ git commit it[K[K[K[K[K[K[K[K[K[K[K[K[Kgit pull
remote: Enumerating objects: 10, done.[K
remote: Counting objects:  10% (1/10)   [Kremote: Counting objects:  20% (2/10)   [Kremote: Counting objects:  30% (3/10)   [Kremote: Counting objects:  40% (4/10)   [Kremote: Counting objects:  50% (5/10)   [Kremote: Counting objects:  60% (6/10)   [Kremote: Counting objects:  70% (7/10)   [Kremote: Counting objects:  80% (8/10)   [Kremote: Counting objects:  90% (9/10)   [Kremote: Counting objects: 100% (10/10)   [Kremote: Counting objects: 100% (10/10), done.[K
remote: Total 17 (delta 10), reused 10 (delta 10), pack-reused 7[K
Unpacking objects:   5% (1/17)   Unpacking objects:  11% (2/17)   Unpacking objects:  17% (3/17)   Unpacking objects:  23% (4/17)   Unpacking objects:  29% (5/17)   Unpacking objects:  35% (6/17)   Unpacking objects:  41% (7/17)   Unpacking objects:  47% (8/17)   Unpacking objects:  52% (9/17)   Unpacking objects:  58% (10/17)   Unpacking objects:  64% (11/17)   Unpacking objects:  70% (12/17)   Unpacking objects:  76% (13/17)   Unpacking objects:  82% (14/17)   Unpacking objects:  88% (15/17)   Unpacking objects:  94% (16/17)   Unpacking objects: 100% (17/17)   Unpacking objects: 100% (17/17), done.
From https://github.com/soohyuna/tidyQ
   5a93d1b..f665650  master     -> origin/master
Updating 5a93d1b..f665650
error: Your local changes to the following files would be overwritten by merge:
	DESCRIPTION
	NAMESPACE
Please commit your changes or stash them before you merge.
Aborting
]0;~/Desktop/STUFF/2018_sides/tidyQ[36msooopy[m@[32mSoos-MBP:[33;1m~/Desktop/STUFF/2018_sides/tidyQ[m$ git commit -m
error: switch `m' requires a value
usage: git commit [<options>] [--] <pathspec>...

    -q, --quiet           suppress summary after successful commit
    -v, --verbose         show diff in commit message template

Commit message options
    -F, --file <file>     read message from file
    --author <author>     override author for commit
    --date <date>         override date for commit
    -m, --message <message>
                          commit message
    -c, --reedit-message <commit>
                          reuse and edit message from specified commit
    -C, --reuse-message <commit>
                          reuse message from specified commit
    --fixup <commit>      use autosquash formatted message to fixup specified commit
    --squash <commit>     use autosquash formatted message to squash specified commit
    --reset-author        the commit is authored by me now (used with -C/-c/--amend)
    -s, --signoff         add Signed-off-by:
    -t, --template <file>
                          use specified template file
    -e, --edit            force edit of commit
    --cleanup <default>   how to strip spaces and #comments from message
    --status              include status in commit message template
    -S, --gpg-sign[=<key-id>]
                          GPG sign commit

Commit contents options
    -a, --all             commit all changed files
    -i, --include         add specified files to index for commit
    --interactive         interactively add files
    -p, --patch           interactively add changes
    -o, --only            commit only specified files
    -n, --no-verify       bypass pre-commit and commit-msg hooks
    --dry-run             show what would be committed
    --short               show status concisely
    --branch              show branch information
    --porcelain           machine-readable output
    --long                show status in long format (default)
    -z, --null            terminate entries with NUL
    --amend               amend previous commit
    --no-post-rewrite     bypass post-rewrite hook
    -u, --untracked-files[=<mode>]
                          show untracked files, optional modes: all, normal, no. (Default: all)

]0;~/Desktop/STUFF/2018_sides/tidyQ[36msooopy[m@[32mSoos-MBP:[33;1m~/Desktop/STUFF/2018_sides/tidyQ[m$ fi[K[Kgit [K[K[K[Kgit status
On branch master
Your branch is behind 'origin/master' by 2 commits, and can be fast-forwarded.
  (use "git pull" to update your local branch)

Changes to be committed:
  (use "git reset HEAD <file>..." to unstage)

	[32mmodified:   .Rhistory[m
	[32mmodified:   .Rproj.user/67AB29B0/console06/56C77CF6[m
	[32mmodified:   .Rproj.user/67AB29B0/console06/56C77CF6.env[m
	[32mmodified:   .Rproj.user/67AB29B0/console06/INDEX001[m
	[32mmodified:   .Rproj.user/67AB29B0/pcs/files-pane.pper[m
	[32mmodified:   .Rproj.user/67AB29B0/pcs/source-pane.pper[m
	[32mmodified:   .Rproj.user/67AB29B0/pcs/windowlayoutstate.pper[m
	[32mmodified:   .Rproj.user/67AB29B0/sources/prop/INDEX[m

Changes not staged for commit:
  (use "git add <file>..." to update what will be committed)
  (use "git checkout -- <file>..." to discard changes in working directory)

	[31mmodified:   .Rproj.user/67AB29B0/console06/56C77CF6[m
	[31mmodified:   .Rproj.user/67AB29B0/console06/56C77CF6.env[m
	[31mmodified:   DESCRIPTION[m
	[31mmodified:   NAMESPACE[m

]0;~/Desktop/STUFF/2018_sides/tidyQ[36msooopy[m@[32mSoos-MBP:[33;1m~/Desktop/STUFF/2018_sides/tidyQ[m$ git add -A
]0;~/Desktop/STUFF/2018_sides/tidyQ[36msooopy[m@[32mSoos-MBP:[33;1m~/Desktop/STUFF/2018_sides/tidyQ[m$ git commit -m "hmm"[K[K[K[Kidk"
[master f120b2b] idk
 10 files changed, 153 insertions(+), 16 deletions(-)
 rewrite .Rproj.user/67AB29B0/console06/INDEX001 (86%)
]0;~/Desktop/STUFF/2018_sides/tidyQ[36msooopy[m@[32mSoos-MBP:[33;1m~/Desktop/STUFF/2018_sides/tidyQ[m$ git push
To https://github.com/soohyuna/tidyQ.git
 ! [rejected]        master -> master (non-fast-forward)
error: failed to push some refs to 'https://github.com/soohyuna/tidyQ.git'
hint: Updates were rejected because the tip of your current branch is behind
hint: its remote counterpart. Integrate the remote changes (e.g.
hint: 'git pull ...') before pushing again.
hint: See the 'Note about fast-forwards' in 'git push --help' for details.
]0;~/Desktop/STUFF/2018_sides/tidyQ[36msooopy[m@[32mSoos-MBP:[33;1m~/Desktop/STUFF/2018_sides/tidyQ[m$ i[Kgit pull
Auto-merging NAMESPACE
CONFLICT (content): Merge conflict in NAMESPACE
Auto-merging DESCRIPTION
CONFLICT (content): Merge conflict in DESCRIPTION
Automatic merge failed; fix conflicts and then commit the result.
]0;~/Desktop/STUFF/2018_sides/tidyQ[36msooopy[m@[32mSoos-MBP:[33;1m~/Desktop/STUFF/2018_sides/tidyQ[m$ git status
On branch master
Your branch and 'origin/master' have diverged,
and have 1 and 2 different commits each, respectively.
  (use "git pull" to merge the remote branch into yours)

You have unmerged paths.
  (fix conflicts and run "git commit")
  (use "git merge --abort" to abort the merge)

Changes to be committed:

	[32mmodified:   R/ampliQ.R[m
	[32mmodified:   R/amportQ.R[m
	[32mmodified:   R/avgQ.R[m
	[32mmodified:   R/cleanQ.R[m
	[32mmodified:   R/ddQ.R[m
	[32mmodified:   R/deltaQ.R[m
	[32mmodified:   R/importQ.R[m
	[32mmodified:   man/amportQ.Rd[m
	[32mmodified:   man/avgQ.Rd[m
	[32mmodified:   man/importQ.Rd[m

Unmerged paths:
  (use "git add <file>..." to mark resolution)

	[31mboth modified:   DESCRIPTION[m
	[31mboth modified:   NAMESPACE[m

Changes not staged for commit:
  (use "git add <file>..." to update what will be committed)
  (use "git checkout -- <file>..." to discard changes in working directory)

	[31mmodified:   .Rproj.user/67AB29B0/console06/56C77CF6[m
	[31mmodified:   .Rproj.user/67AB29B0/sources/prop/INDEX[m

]0;~/Desktop/STUFF/2018_sides/tidyQ[36msooopy[m@[32mSoos-MBP:[33;1m~/Desktop/STUFF/2018_sides/tidyQ[m$ git add -A
]0;~/Desktop/STUFF/2018_sides/tidyQ[36msooopy[m@[32mSoos-MBP:[33;1m~/Desktop/STUFF/2018_sides/tidyQ[m$ git o[Kcommit 0m [K[K[K-m "changed c[Kdescription"
[master c694782] changed description
]0;~/Desktop/STUFF/2018_sides/tidyQ[36msooopy[m@[32mSoos-MBP:[33;1m~/Desktop/STUFF/2018_sides/tidyQ[m$ git push
Counting objects: 29, done.
Delta compression using up to 4 threads.
Compressing objects:   3% (1/26)   Compressing objects:   7% (2/26)   Compressing objects:  11% (3/26)   Compressing objects:  15% (4/26)   Compressing objects:  19% (5/26)   Compressing objects:  23% (6/26)   Compressing objects:  26% (7/26)   Compressing objects:  30% (8/26)   Compressing objects:  34% (9/26)   Compressing objects:  38% (10/26)   Compressing objects:  42% (11/26)   Compressing objects:  46% (12/26)   Compressing objects:  50% (13/26)   Compressing objects:  53% (14/26)   Compressing objects:  57% (15/26)   Compressing objects:  61% (16/26)   Compressing objects:  65% (17/26)   Compressing objects:  69% (18/26)   Compressing objects:  73% (19/26)   Compressing objects:  76% (20/26)   Compressing objects:  80% (21/26)   Compressing objects:  84% (22/26)   Compressing objects:  88% (23/26)   Compressing objects:  92% (24/26)   Compressing objects:  96% (25/26)   Compressing objects: 100% (26/26)   Compressing objects: 100% (26/26), done.
Writing objects:   3% (1/29)   Writing objects:   6% (2/29)   Writing objects:  10% (3/29)   Writing objects:  13% (4/29)   Writing objects:  17% (5/29)   Writing objects:  20% (6/29)   Writing objects:  24% (7/29)   Writing objects:  27% (8/29)   Writing objects:  31% (9/29)   Writing objects:  34% (10/29)   Writing objects:  37% (11/29)   Writing objects:  41% (12/29)   Writing objects:  44% (13/29)   Writing objects:  48% (14/29)   Writing objects:  51% (15/29)   Writing objects:  55% (16/29)   Writing objects:  58% (17/29)   Writing objects:  62% (18/29)   Writing objects:  65% (19/29)   Writing objects:  68% (20/29)   Writing objects:  72% (21/29)   Writing objects:  75% (22/29)   Writing objects:  79% (23/29)   Writing objects:  82% (24/29)   Writing objects:  86% (25/29)   Writing objects:  89% (26/29)   Writing objects:  93% (27/29)   Writing objects:  96% (28/29)   Writing objects: 100% (29/29)   Writing objects: 100% (29/29), 4.97 KiB | 1.24 MiB/s, done.
Total 29 (delta 15), reused 0 (delta 0)
remote: Resolving deltas:   0% (0/15)   [Kremote: Resolving deltas:   6% (1/15)   [Kremote: Resolving deltas:  13% (2/15)   [Kremote: Resolving deltas:  20% (3/15)   [Kremote: Resolving deltas:  26% (4/15)   [Kremote: Resolving deltas:  40% (6/15)   [Kremote: Resolving deltas:  46% (7/15)   [Kremote: Resolving deltas:  53% (8/15)   [Kremote: Resolving deltas:  60% (9/15)   [Kremote: Resolving deltas:  66% (10/15)   [Kremote: Resolving deltas:  80% (12/15)   [Kremote: Resolving deltas:  86% (13/15)   [Kremote: Resolving deltas:  93% (14/15)   [Kremote: Resolving deltas: 100% (15/15)   [Kremote: Resolving deltas: 100% (15/15), completed with 11 local objects.[K
To https://github.com/soohyuna/tidyQ.git
   f665650..c694782  master -> master
]0;~/Desktop/STUFF/2018_sides/tidyQ[36msooopy[m@[32mSoos-MBP:[33;1m~/Desktop/STUFF/2018_sides/tidyQ[m$ git status
On branch master
Your branch is up-to-date with 'origin/master'.

Changes not staged for commit:
  (use "git add <file>..." to update what will be committed)
  (use "git checkout -- <file>..." to discard changes in working directory)

	[31mmodified:   .Rproj.user/67AB29B0/console06/56C77CF6[m

no changes added to commit (use "git add" and/or "git commit -a")
git a[Kstatus
On branch master
Your branch is up-to-date with 'origin/master'.

Changes not staged for commit:
  (use "git add <file>..." to update what will be committed)
  (use "git checkout -- <file>..." to discard changes in working directory)

	[31mmodified:   .Rproj.user/67AB29B0/console06/56C77CF6[m
	[31mmodified:   .Rproj.user/67AB29B0/console06/INDEX001[m
	[31mmodified:   .Rproj.user/67AB29B0/pcs/files-pane.pper[m
	[31mmodified:   .Rproj.user/67AB29B0/pcs/windowlayoutstate.pper[m
	[31mmodified:   .Rproj.user/67AB29B0/pcs/workbench-pane.pper[m
	[31mmodified:   .Rproj.user/67AB29B0/sources/prop/INDEX[m
	[31mmodified:   README.md[m

no changes added to commit (use "git add" and/or "git commit -a")
]0;~/Desktop/STUFF/2018_sides/tidyQ[36msooopy[m@[32mSoos-MBP:[33;1m~/Desktop/STUFF/2018_sides/tidyQ[m$ git add -A
]0;~/Desktop/STUFF/2018_sides/tidyQ[36msooopy[m@[32mSoos-MBP:[33;1m~/Desktop/STUFF/2018_sides/tidyQ[m$ git commit -m "change ead[K[K[KRe[KEADME"
[master 7243643] change README
 7 files changed, 58 insertions(+), 9 deletions(-)
 rewrite .Rproj.user/67AB29B0/console06/INDEX001 (74%)
]0;~/Desktop/STUFF/2018_sides/tidyQ[36msooopy[m@[32mSoos-MBP:[33;1m~/Desktop/STUFF/2018_sides/tidyQ[m$ git push
Counting objects: 15, done.
Delta compression using up to 4 threads.
Compressing objects:   7% (1/14)   Compressing objects:  14% (2/14)   Compressing objects:  21% (3/14)   Compressing objects:  28% (4/14)   Compressing objects:  35% (5/14)   Compressing objects:  42% (6/14)   Compressing objects:  50% (7/14)   Compressing objects:  57% (8/14)   Compressing objects:  64% (9/14)   Compressing objects:  71% (10/14)   Compressing objects:  78% (11/14)   Compressing objects:  85% (12/14)   Compressing objects:  92% (13/14)   Compressing objects: 100% (14/14)   Compressing objects: 100% (14/14), done.
Writing objects:   6% (1/15)   Writing objects:  13% (2/15)   Writing objects:  20% (3/15)   Writing objects:  26% (4/15)   Writing objects:  33% (5/15)   Writing objects:  40% (6/15)   Writing objects:  46% (7/15)   Writing objects:  53% (8/15)   Writing objects:  60% (9/15)   Writing objects:  66% (10/15)   Writing objects:  73% (11/15)   Writing objects:  80% (12/15)   Writing objects:  86% (13/15)   Writing objects:  93% (14/15)   Writing objects: 100% (15/15)   Writing objects: 100% (15/15), 2.10 KiB | 85.00 KiB/s, done.
Total 15 (delta 6), reused 0 (delta 0)
remote: Resolving deltas:   0% (0/6)   [Kremote: Resolving deltas:  16% (1/6)   [Kremote: Resolving deltas:  33% (2/6)   [Kremote: Resolving deltas:  50% (3/6)   [Kremote: Resolving deltas:  66% (4/6)   [Kremote: Resolving deltas:  83% (5/6)   [Kremote: Resolving deltas: 100% (6/6)   [Kremote: Resolving deltas: 100% (6/6), completed with 6 local objects.[K
To https://github.com/soohyuna/tidyQ.git
   c694782..7243643  master -> master
]0;~/Desktop/STUFF/2018_sides/tidyQ[36msooopy[m@[32mSoos-MBP:[33;1m~/Desktop/STUFF/2018_sides/tidyQ[m$ git stuatus
git: 'stuatus' is not a git command. See 'git --help'.

The most similar command is
	status
]0;~/Desktop/STUFF/2018_sides/tidyQ[36msooopy[m@[32mSoos-MBP:[33;1m~/Desktop/STUFF/2018_sides/tidyQ[m$ git status
On branch master
Your branch is up-to-date with 'origin/master'.

Changes not staged for commit:
  (use "git add <file>..." to update what will be committed)
  (use "git checkout -- <file>..." to discard changes in working directory)

	[31mmodified:   .Rproj.user/67AB29B0/console06/56C77CF6[m
	[31mmodified:   .Rproj.user/67AB29B0/console06/56C77CF6.env[m

no changes added to commit (use "git add" and/or "git commit -a")
]0;~/Desktop/STUFF/2018_sides/tidyQ[36msooopy[m@[32mSoos-MBP:[33;1m~/Desktop/STUFF/2018_sides/tidyQ[m$ git status
On branch master
Your branch is up-to-date with 'origin/master'.

Changes not staged for commit:
  (use "git add <file>..." to update what will be committed)
  (use "git checkout -- <file>..." to discard changes in working directory)

	[31mmodified:   .Rproj.user/67AB29B0/console06/56C77CF6[m
	[31mmodified:   .Rproj.user/67AB29B0/console06/56C77CF6.env[m
	[31mmodified:   README.md[m

no changes added to commit (use "git add" and/or "git commit -a")
]0;~/Desktop/STUFF/2018_sides/tidyQ[36msooopy[m@[32mSoos-MBP:[33;1m~/Desktop/STUFF/2018_sides/tidyQ[m$ git add -A
]0;~/Desktop/STUFF/2018_sides/tidyQ[36msooopy[m@[32mSoos-MBP:[33;1m~/Desktop/STUFF/2018_sides/tidyQ[m$ git commit -m "changed Dest[Kcra[K[K[K[K[K[Kreadme"
[master d78b473] changed readme
 3 files changed, 47 insertions(+), 3 deletions(-)
]0;~/Desktop/STUFF/2018_sides/tidyQ[36msooopy[m@[32mSoos-MBP:[33;1m~/Desktop/STUFF/2018_sides/tidyQ[m$ git push
Counting objects: 8, done.
Delta compression using up to 4 threads.
Compressing objects:  12% (1/8)   Compressing objects:  25% (2/8)   Compressing objects:  37% (3/8)   Compressing objects:  50% (4/8)   Compressing objects:  62% (5/8)   Compressing objects:  75% (6/8)   Compressing objects:  87% (7/8)   Compressing objects: 100% (8/8)   Compressing objects: 100% (8/8), done.
Writing objects:  12% (1/8)   Writing objects:  25% (2/8)   Writing objects:  37% (3/8)   Writing objects:  50% (4/8)   Writing objects:  62% (5/8)   Writing objects:  75% (6/8)   Writing objects:  87% (7/8)   Writing objects: 100% (8/8)   Writing objects: 100% (8/8), 1.02 KiB | 1.02 MiB/s, done.
Total 8 (delta 5), reused 0 (delta 0)
remote: Resolving deltas:   0% (0/5)   [Kremote: Resolving deltas:  20% (1/5)   [Kremote: Resolving deltas:  40% (2/5)   [Kremote: Resolving deltas:  60% (3/5)   [Kremote: Resolving deltas:  80% (4/5)   [Kremote: Resolving deltas: 100% (5/5)   [Kremote: Resolving deltas: 100% (5/5), completed with 5 local objects.[K
To https://github.com/soohyuna/tidyQ.git
   7243643..d78b473  master -> master
]0;~/Desktop/STUFF/2018_sides/tidyQ[36msooopy[m@[32mSoos-MBP:[33;1m~/Desktop/STUFF/2018_sides/tidyQ[m$ git status
On branch master
Your branch is up-to-date with 'origin/master'.

Changes not staged for commit:
  (use "git add <file>..." to update what will be committed)
  (use "git checkout -- <file>..." to discard changes in working directory)

	[31mmodified:   .Rproj.user/67AB29B0/console06/56C77CF6[m

no changes added to commit (use "git add" and/or "git commit -a")
]0;~/Desktop/STUFF/2018_sides/tidyQ[36msooopy[m@[32mSoos-MBP:[33;1m~/Desktop/STUFF/2018_sides/tidyQ[m$ git com[K[K[Kstatus
On branch master
Your branch is up-to-date with 'origin/master'.

Changes not staged for commit:
  (use "git add <file>..." to update what will be committed)
  (use "git checkout -- <file>..." to discard changes in working directory)

	[31mmodified:   .Rproj.user/67AB29B0/console06/56C77CF6[m
	[31mmodified:   README.md[m

no changes added to commit (use "git add" and/or "git commit -a")
]0;~/Desktop/STUFF/2018_sides/tidyQ[36msooopy[m@[32mSoos-MBP:[33;1m~/Desktop/STUFF/2018_sides/tidyQ[m$ git add -A
]0;~/Desktop/STUFF/2018_sides/tidyQ[36msooopy[m@[32mSoos-MBP:[33;1m~/Desktop/STUFF/2018_sides/tidyQ[m$ git commit -m "README"
[master bfaf829] README
 2 files changed, 38 insertions(+), 1 deletion(-)
]0;~/Desktop/STUFF/2018_sides/tidyQ[36msooopy[m@[32mSoos-MBP:[33;1m~/Desktop/STUFF/2018_sides/tidyQ[m$ git push
Counting objects: 7, done.
Delta compression using up to 4 threads.
Compressing objects:  14% (1/7)   Compressing objects:  28% (2/7)   Compressing objects:  42% (3/7)   Compressing objects:  57% (4/7)   Compressing objects:  71% (5/7)   Compressing objects:  85% (6/7)   Compressing objects: 100% (7/7)   Compressing objects: 100% (7/7), done.
Writing objects:  14% (1/7)   Writing objects:  28% (2/7)   Writing objects:  42% (3/7)   Writing objects:  57% (4/7)   Writing objects:  71% (5/7)   Writing objects:  85% (6/7)   Writing objects: 100% (7/7)   Writing objects: 100% (7/7), 1019 bytes | 1019.00 KiB/s, done.
Total 7 (delta 4), reused 0 (delta 0)
remote: Resolving deltas:   0% (0/4)   [Kremote: Resolving deltas:  25% (1/4)   [Kremote: Resolving deltas:  50% (2/4)   [Kremote: Resolving deltas:  75% (3/4)   [Kremote: Resolving deltas: 100% (4/4)   [Kremote: Resolving deltas: 100% (4/4), completed with 4 local objects.[K
To https://github.com/soohyuna/tidyQ.git
   d78b473..bfaf829  master -> master
git status
On branch master
Your branch is up-to-date with 'origin/master'.

Changes not staged for commit:
  (use "git add <file>..." to update what will be committed)
  (use "git checkout -- <file>..." to discard changes in working directory)

	[31mmodified:   .Rproj.user/67AB29B0/console06/56C77CF6[m
	[31mmodified:   .Rproj.user/67AB29B0/console06/INDEX001[m
	[31mmodified:   .Rproj.user/67AB29B0/pcs/files-pane.pper[m

no changes added to commit (use "git add" and/or "git commit -a")
]0;~/Desktop/STUFF/2018_sides/tidyQ[36msooopy[m@[32mSoos-MacBook-Pro:[33;1m~/Desktop/STUFF/2018_sides/tidyQ[m$ git add -A
]0;~/Desktop/STUFF/2018_sides/tidyQ[36msooopy[m@[32mSoos-MacBook-Pro:[33;1m~/Desktop/STUFF/2018_sides/tidyQ[m$ git commit -m ""
Aborting commit due to empty commit message.
]0;~/Desktop/STUFF/2018_sides/tidyQ[36msooopy[m@[32mSoos-MacBook-Pro:[33;1m~/Desktop/STUFF/2018_sides/tidyQ[m$ git push
Everything up-to-date
]0;~/Desktop/STUFF/2018_sides/tidyQ[36msooopy[m@[32mSoos-MacBook-Pro:[33;1m~/Desktop/STUFF/2018_sides/tidyQ[m$ git add -A
]0;~/Desktop/STUFF/2018_sides/tidyQ[36msooopy[m@[32mSoos-MacBook-Pro:[33;1m~/Desktop/STUFF/2018_sides/tidyQ[m$ gi[K[Kgit commit -m "something"
[master ecebc83] something
 4 files changed, 35 insertions(+), 4 deletions(-)
 rewrite .Rproj.user/67AB29B0/console06/INDEX001 (75%)
]0;~/Desktop/STUFF/2018_sides/tidyQ[36msooopy[m@[32mSoos-MacBook-Pro:[33;1m~/Desktop/STUFF/2018_sides/tidyQ[m$ git push
Counting objects: 10, done.
Delta compression using up to 4 threads.
Compressing objects:  10% (1/10)   Compressing objects:  20% (2/10)   Compressing objects:  30% (3/10)   Compressing objects:  40% (4/10)   Compressing objects:  50% (5/10)   Compressing objects:  60% (6/10)   Compressing objects:  70% (7/10)   Compressing objects:  80% (8/10)   Compressing objects:  90% (9/10)   Compressing objects: 100% (10/10)   Compressing objects: 100% (10/10), done.
Writing objects:  10% (1/10)   Writing objects:  20% (2/10)   Writing objects:  30% (3/10)   Writing objects:  40% (4/10)   Writing objects:  50% (5/10)   Writing objects:  60% (6/10)   Writing objects:  70% (7/10)   Writing objects:  80% (8/10)   Writing objects:  90% (9/10)   Writing objects: 100% (10/10)   Writing objects: 100% (10/10), 1.27 KiB | 1.27 MiB/s, done.
Total 10 (delta 6), reused 0 (delta 0)
remote: Resolving deltas:   0% (0/6)   [Kremote: Resolving deltas:  16% (1/6)   [Kremote: Resolving deltas:  33% (2/6)   [Kremote: Resolving deltas:  50% (3/6)   [Kremote: Resolving deltas:  66% (4/6)   [Kremote: Resolving deltas:  83% (5/6)   [Kremote: Resolving deltas: 100% (6/6)   [Kremote: Resolving deltas: 100% (6/6), completed with 6 local objects.[K
To https://github.com/soohyuna/tidyQ.git
   bfaf829..ecebc83  master -> master
]0;~/Desktop/STUFF/2018_sides/tidyQ[36msooopy[m@[32mSoos-MacBook-Pro:[33;1m~/Desktop/STUFF/2018_sides/tidyQ[m$ git status
On branch master
Your branch is up-to-date with 'origin/master'.

Changes not staged for commit:
  (use "git add <file>..." to update what will be committed)
  (use "git checkout -- <file>..." to discard changes in working directory)

	[31mmodified:   .Rproj.user/67AB29B0/console06/56C77CF6[m

no changes added to commit (use "git add" and/or "git commit -a")
git status
On branch master
Your branch is up-to-date with 'origin/master'.

Changes not staged for commit:
  (use "git add <file>..." to update what will be committed)
  (use "git checkout -- <file>..." to discard changes in working directory)

	[31mmodified:   .Rproj.user/67AB29B0/console06/56C77CF6[m
	[31mmodified:   .Rproj.user/67AB29B0/console06/INDEX001[m
	[31mmodified:   .Rproj.user/67AB29B0/pcs/files-pane.pper[m
	[31mmodified:   .Rproj.user/67AB29B0/pcs/source-pane.pper[m
	[31mmodified:   .Rproj.user/67AB29B0/pcs/windowlayoutstate.pper[m
	[31mmodified:   .Rproj.user/67AB29B0/pcs/workbench-pane.pper[m
	[31mmodified:   DESCRIPTION[m
	[31mmodified:   NAMESPACE[m

no changes added to commit (use "git add" and/or "git commit -a")
]0;~/Desktop/STUFF/2018_sides/tidyQ[36msooopy[m@[32mSoos-MacBook-Pro:[33;1m~/Desktop/STUFF/2018_sides/tidyQ[m$ git add -a
error: unknown switch `a'
usage: git add [<options>] [--] <pathspec>...

    -n, --dry-run         dry run
    -v, --verbose         be verbose

    -i, --interactive     interactive picking
    -p, --patch           select hunks interactively
    -e, --edit            edit current diff and apply
    -f, --force           allow adding otherwise ignored files
    -u, --update          update tracked files
    -N, --intent-to-add   record only the fact that the path will be added later
    -A, --all             add changes from all tracked and untracked files
    --ignore-removal      ignore paths removed in the working tree (same as --no-all)
    --refresh             don't add, only refresh the index
    --ignore-errors       just skip files which cannot be added because of errors
    --ignore-missing      check if - even missing - files are ignored in dry run
    --chmod <(+/-)x>      override the executable bit of the listed files

]0;~/Desktop/STUFF/2018_sides/tidyQ[36msooopy[m@[32mSoos-MacBook-Pro:[33;1m~/Desktop/STUFF/2018_sides/tidyQ[m$ git commit[K[K[K[K[K[Kadd[K[K[Kadd -a
error: unknown switch `a'
usage: git add [<options>] [--] <pathspec>...

    -n, --dry-run         dry run
    -v, --verbose         be verbose

    -i, --interactive     interactive picking
    -p, --patch           select hunks interactively
    -e, --edit            edit current diff and apply
    -f, --force           allow adding otherwise ignored files
    -u, --update          update tracked files
    -N, --intent-to-add   record only the fact that the path will be added later
    -A, --all             add changes from all tracked and untracked files
    --ignore-removal      ignore paths removed in the working tree (same as --no-all)
    --refresh             don't add, only refresh the index
    --ignore-errors       just skip files which cannot be added because of errors
    --ignore-missing      check if - even missing - files are ignored in dry run
    --chmod <(+/-)x>      override the executable bit of the listed files

]0;~/Desktop/STUFF/2018_sides/tidyQ[36msooopy[m@[32mSoos-MacBook-Pro:[33;1m~/Desktop/STUFF/2018_sides/tidyQ[m$ git add -a
error: unknown switch `a'
usage: git add [<options>] [--] <pathspec>...

    -n, --dry-run         dry run
    -v, --verbose         be verbose

    -i, --interactive     interactive picking
    -p, --patch           select hunks interactively
    -e, --edit            edit current diff and apply
    -f, --force           allow adding otherwise ignored files
    -u, --update          update tracked files
    -N, --intent-to-add   record only the fact that the path will be added later
    -A, --all             add changes from all tracked and untracked files
    --ignore-removal      ignore paths removed in the working tree (same as --no-all)
    --refresh             don't add, only refresh the index
    --ignore-errors       just skip files which cannot be added because of errors
    --ignore-missing      check if - even missing - files are ignored in dry run
    --chmod <(+/-)x>      override the executable bit of the listed files

]0;~/Desktop/STUFF/2018_sides/tidyQ[36msooopy[m@[32mSoos-MacBook-Pro:[33;1m~/Desktop/STUFF/2018_sides/tidyQ[m$ 
git status
On branch master
Your branch is up-to-date with 'origin/master'.

Changes not staged for commit:
  (use "git add <file>..." to update what will be committed)
  (use "git checkout -- <file>..." to discard changes in working directory)

	[31mmodified:   .Rhistory[m
	[31mmodified:   .Rproj.user/67AB29B0/console06/56C77CF6[m
	[31mmodified:   .Rproj.user/67AB29B0/console06/56C77CF6.env[m
	[31mmodified:   .Rproj.user/67AB29B0/console06/INDEX001[m
	[31mmodified:   .Rproj.user/67AB29B0/pcs/files-pane.pper[m
	[31mmodified:   .Rproj.user/67AB29B0/pcs/source-pane.pper[m
	[31mmodified:   .Rproj.user/67AB29B0/pcs/windowlayoutstate.pper[m
	[31mmodified:   .Rproj.user/67AB29B0/pcs/workbench-pane.pper[m
	[31mmodified:   DESCRIPTION[m
	[31mmodified:   NAMESPACE[m

no changes added to commit (use "git add" and/or "git commit -a")
]0;~/Desktop/STUFF/2018_sides/tidyQ[36msooopy[m@[32mSoos-MacBook-Pro:[33;1m~/Desktop/STUFF/2018_sides/tidyQ[m$ git add -A
]0;~/Desktop/STUFF/2018_sides/tidyQ[36msooopy[m@[32mSoos-MacBook-Pro:[33;1m~/Desktop/STUFF/2018_sides/tidyQ[m$ git comi[K[K[K[Kstatus
On branch master
Your branch is up-to-date with 'origin/master'.

Changes to be committed:
  (use "git reset HEAD <file>..." to unstage)

	[32mmodified:   .Rhistory[m
	[32mmodified:   .Rproj.user/67AB29B0/console06/56C77CF6[m
	[32mmodified:   .Rproj.user/67AB29B0/console06/56C77CF6.env[m
	[32mmodified:   .Rproj.user/67AB29B0/console06/INDEX001[m
	[32mmodified:   .Rproj.user/67AB29B0/pcs/files-pane.pper[m
	[32mmodified:   .Rproj.user/67AB29B0/pcs/source-pane.pper[m
	[32mmodified:   .Rproj.user/67AB29B0/pcs/windowlayoutstate.pper[m
	[32mmodified:   .Rproj.user/67AB29B0/pcs/workbench-pane.pper[m
	[32mmodified:   DESCRIPTION[m
	[32mmodified:   NAMESPACE[m

Changes not staged for commit:
  (use "git add <file>..." to update what will be committed)
  (use "git checkout -- <file>..." to discard changes in working directory)

	[31mmodified:   .Rproj.user/67AB29B0/console06/56C77CF6[m

]0;~/Desktop/STUFF/2018_sides/tidyQ[36msooopy[m@[32mSoos-MacBook-Pro:[33;1m~/Desktop/STUFF/2018_sides/tidyQ[m$ git commit -m "Decription bug fixed"
[master 5ee61d7] Decription bug fixed
 10 files changed, 133 insertions(+), 141 deletions(-)
 rewrite .Rproj.user/67AB29B0/console06/INDEX001 (75%)
]0;~/Desktop/STUFF/2018_sides/tidyQ[36msooopy[m@[32mSoos-MacBook-Pro:[33;1m~/Desktop/STUFF/2018_sides/tidyQ[m$ git push
Counting objects: 16, done.
Delta compression using up to 4 threads.
Compressing objects:   6% (1/15)   Compressing objects:  13% (2/15)   Compressing objects:  20% (3/15)   Compressing objects:  26% (4/15)   Compressing objects:  33% (5/15)   Compressing objects:  40% (6/15)   Compressing objects:  46% (7/15)   Compressing objects:  53% (8/15)   Compressing objects:  60% (9/15)   Compressing objects:  66% (10/15)   Compressing objects:  73% (11/15)   Compressing objects:  80% (12/15)   Compressing objects:  86% (13/15)   Compressing objects:  93% (14/15)   Compressing objects: 100% (15/15)   Compressing objects: 100% (15/15), done.
Writing objects:   6% (1/16)   Writing objects:  12% (2/16)   Writing objects:  18% (3/16)   Writing objects:  25% (4/16)   Writing objects:  31% (5/16)   Writing objects:  37% (6/16)   Writing objects:  43% (7/16)   Writing objects:  50% (8/16)   Writing objects:  56% (9/16)   Writing objects:  62% (10/16)   Writing objects:  68% (11/16)   Writing objects:  75% (12/16)   Writing objects:  81% (13/16)   Writing objects:  87% (14/16)   Writing objects:  93% (15/16)   Writing objects: 100% (16/16)   Writing objects: 100% (16/16), 2.21 KiB | 113.00 KiB/s, done.
Total 16 (delta 9), reused 0 (delta 0)
remote: Resolving deltas:   0% (0/9)   [Kremote: Resolving deltas:  11% (1/9)   [Kremote: Resolving deltas:  22% (2/9)   [Kremote: Resolving deltas:  33% (3/9)   [Kremote: Resolving deltas:  44% (4/9)   [Kremote: Resolving deltas:  55% (5/9)   [Kremote: Resolving deltas:  66% (6/9)   [Kremote: Resolving deltas:  77% (7/9)   [Kremote: Resolving deltas:  88% (8/9)   [Kremote: Resolving deltas: 100% (9/9)   [Kremote: Resolving deltas: 100% (9/9), completed with 9 local objects.[K
To https://github.com/soohyuna/tidyQ.git
   ecebc83..5ee61d7  master -> master
git status
On branch master
Your branch is up-to-date with 'origin/master'.

Changes not staged for commit:
  (use "git add <file>..." to update what will be committed)
  (use "git checkout -- <file>..." to discard changes in working directory)

	[31mmodified:   .Rhistory[m
	[31mmodified:   .Rproj.user/67AB29B0/console06/56C77CF6[m
	[31mmodified:   .Rproj.user/67AB29B0/console06/56C77CF6.env[m
	[31mmodified:   .Rproj.user/67AB29B0/console06/INDEX001[m
	[31mmodified:   .Rproj.user/67AB29B0/pcs/files-pane.pper[m
	[31mmodified:   .Rproj.user/67AB29B0/pcs/windowlayoutstate.pper[m
	[31mmodified:   R/importQ.R[m

no changes added to commit (use "git add" and/or "git commit -a")
]0;~/Desktop/STUFF/2018_sides/tidyQ[36msooopy[m@[32mSoos-MacBook-Pro:[33;1m~/Desktop/STUFF/2018_sides/tidyQ[m$ git add -A
]0;~/Desktop/STUFF/2018_sides/tidyQ[36msooopy[m@[32mSoos-MacBook-Pro:[33;1m~/Desktop/STUFF/2018_sides/tidyQ[m$ git comit[K[Kmit -m "new importQ code"
[master 76242b3] new importQ code
 7 files changed, 84 insertions(+), 68 deletions(-)
 rewrite .Rproj.user/67AB29B0/console06/INDEX001 (75%)
]0;~/Desktop/STUFF/2018_sides/tidyQ[36msooopy[m@[32mSoos-MacBook-Pro:[33;1m~/Desktop/STUFF/2018_sides/tidyQ[m$ git push
Counting objects: 14, done.
Delta compression using up to 4 threads.
Compressing objects:   7% (1/14)   Compressing objects:  14% (2/14)   Compressing objects:  21% (3/14)   Compressing objects:  28% (4/14)   Compressing objects:  35% (5/14)   Compressing objects:  42% (6/14)   Compressing objects:  50% (7/14)   Compressing objects:  57% (8/14)   Compressing objects:  64% (9/14)   Compressing objects:  71% (10/14)   Compressing objects:  78% (11/14)   Compressing objects:  85% (12/14)   Compressing objects:  92% (13/14)   Compressing objects: 100% (14/14)   Compressing objects: 100% (14/14), done.
Writing objects:   7% (1/14)   Writing objects:  14% (2/14)   Writing objects:  21% (3/14)   Writing objects:  28% (4/14)   Writing objects:  35% (5/14)   Writing objects:  42% (6/14)   Writing objects:  50% (7/14)   Writing objects:  57% (8/14)   Writing objects:  64% (9/14)   Writing objects:  71% (10/14)   Writing objects:  78% (11/14)   Writing objects:  85% (12/14)   Writing objects:  92% (13/14)   Writing objects: 100% (14/14)   Writing objects: 100% (14/14), 1.94 KiB | 46.00 KiB/s, done.
Total 14 (delta 9), reused 0 (delta 0)
remote: Resolving deltas:   0% (0/9)   [Kremote: Resolving deltas:  11% (1/9)   [Kremote: Resolving deltas:  22% (2/9)   [Kremote: Resolving deltas:  33% (3/9)   [Kremote: Resolving deltas:  44% (4/9)   [Kremote: Resolving deltas:  55% (5/9)   [Kremote: Resolving deltas:  66% (6/9)   [Kremote: Resolving deltas:  77% (7/9)   [Kremote: Resolving deltas:  88% (8/9)   [Kremote: Resolving deltas: 100% (9/9)   [Kremote: Resolving deltas: 100% (9/9), completed with 9 local objects.[K
To https://github.com/soohyuna/tidyQ.git
   5ee61d7..76242b3  master -> master
]0;~/Desktop/STUFF/2018_sides/tidyQ[36msooopy[m@[32mSoos-MacBook-Pro:[33;1m~/Desktop/STUFF/2018_sides/tidyQ[m$ git status
On branch master
Your branch is up-to-date with 'origin/master'.

Changes not staged for commit:
  (use "git add <file>..." to update what will be committed)
  (use "git checkout -- <file>..." to discard changes in working directory)

	[31mmodified:   .Rproj.user/67AB29B0/console06/56C77CF6[m
	[31mmodified:   .Rproj.user/67AB29B0/console06/56C77CF6.env[m

no changes added to commit (use "git add" and/or "git commit -a")
git status
On branch master
Your branch is up-to-date with 'origin/master'.

Changes not staged for commit:
  (use "git add <file>..." to update what will be committed)
  (use "git checkout -- <file>..." to discard changes in working directory)

	[31mmodified:   .Rhistory[m
	[31mmodified:   .Rproj.user/67AB29B0/console06/56C77CF6[m
	[31mmodified:   .Rproj.user/67AB29B0/console06/56C77CF6.env[m
	[31mmodified:   .Rproj.user/67AB29B0/console06/INDEX001[m
	[31mmodified:   .Rproj.user/67AB29B0/pcs/source-pane.pper[m
	[31mmodified:   .Rproj.user/67AB29B0/pcs/windowlayoutstate.pper[m
	[31mmodified:   .Rproj.user/67AB29B0/sources/prop/INDEX[m
	[31mmodified:   R/avgQ.R[m

no changes added to commit (use "git add" and/or "git commit -a")
]0;~/Desktop/STUFF/2018_sides/tidyQ[36msooopy[m@[32mSoos-MBP:[33;1m~/Desktop/STUFF/2018_sides/tidyQ[m$ git add -A